// Jest Snapshot v1, https://goo.gl/fbAQLP

exports[`Mutations verify doctors 1`] = `
Object {
  "data": Object {
    "updateDoctor": Object {
      "uid": "123e4567-e89b-12d3-a456-426614174000",
    },
  },
  "errors": undefined,
  "extensions": undefined,
  "http": Object {
    "headers": Headers {
      Symbol(map): Object {},
    },
  },
}
`;
